2026-09-20 16:09:49,519 | ERROR | Row 14: Error - No customer master record exists for sold-to party 453333
2026-09-20 16:09:51,875 | ERROR | Threaded polling exception: A request to the Telegram API was unsuccessful. Error code: 409. Description: Conflict: terminated by other getUpdates request; make sure that only one bot instance is running
2026-09-20 16:09:51,878 | ERROR | Exception traceback:
Traceback (most recent call last):
  File "C:\Users\DELL\AppData\Roaming\Python\Python314\site-packages\telebot\__init__.py", line 1247, in __threaded_polling
    polling_thread.raise_exceptions()
    ~~~~~~~~~~~~~~~~~~~~~~~~~~~~~~~^^
  File "C:\Users\DELL\AppData\Roaming\Python\Python314\site-packages\telebot\util.py", line 116, in raise_exceptions
    raise self.exception_info
  File "C:\Users\DELL\AppData\Roaming\Python\Python314\site-packages\telebot\util.py", line 98, in run
    task(*args, **kwargs)
    ~~~~^^^^^^^^^^^^^^^^^
2026-09-28 10:43:09,905 | ERROR | Threaded polling exception: A request to the Telegram API was unsuccessful. Error code: 409. Description: Conflict: terminated by other getUpdates request; make sure that only one bot instance is running
2026-09-28 10:43:09,909 | ERROR | Exception traceback:
Traceback (most recent call last):
  File "C:\Users\DELL\AppData\Roaming\Python\Python314\site-packages\telebot\__init__.py", line 1247, in __threaded_polling
    polling_thread.raise_exceptions()
    ~~~~~~~~~~~~~~~~~~~~~~~~~~~~~~~^^
  File "C:\Users\DELL\AppData\Roaming\Python\Python314\site-packages\telebot\util.py", line 116, in raise_exceptions
    raise self.exception_info
  File "C:\Users\DELL\AppData\Roaming\Python\Python314\site-packages\telebot\util.py", line 98, in run
    task(*args, **kwargs)
    ~~~~^^^^^^^^^^^^^^^^^
  File "C:\Users\DELL\AppData\Roaming\Python\Python314\site-packages\telebot\__init__.py", line 689, in __retrieve_updates
    updates = self.get_updates(offset=(self.last_update_id + 1),
                               allowed_updates=allowed_updates,
                               timeout=timeout, long_polling_timeout=long_polling_timeout)
  File "C:\Users\DELL\AppData\Roaming\Python\Python314\site-packages\telebot\__init__.py", line 661, in get_updates
    json_updates = apihelper.get_updates(
        self.token, offset=offset, limit=limit, timeout=timeout, allowed_updates=allowed_updates,
        long_polling_timeout=long_polling_timeout)
  File "C:\Users\DELL\AppData\Roaming\Python\Python314\site-packages\telebot\apihelper.py", line 339, in get_updates
    return _make_request(token, method_url, params=payload)
  File "C:\Users\DELL\AppData\Roaming\Python\Python314\site-packages\telebot\apihelper.py", line 168, in _make_request
    json_result = _check_result(method_name, result)
  File "C:\Users\DELL\AppData\Roaming\Python\Python314\site-packages\telebot\apihelper.py", line 197, in _check_result
    raise ApiTelegramException(method_name, result, result_json)
telebot.apihelper.ApiTelegramException: A request to the Telegram API was unsuccessful. Error code: 409. Description: Conflict: terminated by other getUpdates request; make sure that only one bot instance is running

2026-09-28 10:43:13,902 | ERROR | Threaded polling exception: A request to the Telegram API was unsuccessful. Error code: 409. Description: Conflict: terminated by other getUpdates request; make sure that only one bot instance is running
2026-09-28 10:43:13,906 | ERROR | Exception traceback:
Traceback (most recent call last):
  File "C:\Users\DELL\AppData\Roaming\Python\Python314\site-packages\telebot\__init__.py", line 1247, in __threaded_polling
    polling_thread.raise_exceptions()
    ~~~~~~~~~~~~~~~~~~~~~~~~~~~~~~~^^
  File "C:\Users\DELL\AppData\Roaming\Python\Python314\site-packages\telebot\util.py", line 116, in raise_exceptions
    raise self.exception_info
  File "C:\Users\DELL\AppData\Roaming\Python\Python314\site-packages\telebot\util.py", line 98, in run
    task(*args, **kwargs)
    ~~~~^^^^^^^^^^^^^^^^^
  File "C:\Users\DELL\AppData\Roaming\Python\Python314\site-packages\telebot\__init__.py", line 689, in __retrieve_updates
    updates = self.get_updates(offset=(self.last_update_id + 1),
                               allowed_updates=allowed_updates,
                               timeout=timeout, long_polling_timeout=long_polling_timeout)
  File "C:\Users\DELL\AppData\Roaming\Python\Python314\site-packages\telebot\__init__.py", line 661, in get_updates
    json_updates = apihelper.get_updates(
        self.token, offset=offset, limit=limit, timeout=timeout, allowed_updates=allowed_updates,
        long_polling_timeout=long_polling_timeout)
  File "C:\Users\DELL\AppData\Roaming\Python\Python314\site-packages\telebot\apihelper.py", line 339, in get_updates
    return _make_request(token, method_url, params=payload)
  File "C:\Users\DELL\AppData\Roaming\Python\Python314\site-packages\telebot\apihelper.py", line 168, in _make_request
    json_result = _check_result(method_name, result)
  File "C:\Users\DELL\AppData\Roaming\Python\Python314\site-packages\telebot\apihelper.py", line 197, in _check_result
    raise ApiTelegramException(method_name, result, result_json)
telebot.apihelper.ApiTelegramException: A request to the Telegram API was unsuccessful. Error code: 409. Description: Conflict: terminated by other getUpdates request; make sure that only one bot instance is running

